// Jest Snapshot v1, https://goo.gl/fbAQLP

exports[`Hero should render 1`] = `
<DocumentFragment>
  <section
    class="mt-16 flex h-80 items-center justify-center bg-gradient-to-b from-secondary-600 to-transparent"
  >
    <div
      class="flex items-start space-x-2"
    >
      <svg
        enable-background="new 0 0 1600 1200"
        height="40"
        viewBox="555.15 252.65 489.2 694.2"
        width="40"
        xmlns="http://www.w3.org/2000/svg"
      >
        <lineargradient
          gradientUnits="userSpaceOnUse"
          id="a"
          x1="899.161"
          x2="404.239"
          y1="468.41"
          y2="124.813"
        >
          <stop
            offset="0"
            stop-color="#ff63da"
          />
          <stop
            offset=".304"
            stop-color="#835aff"
          />
          <stop
            offset=".645"
            stop-color="#468ffd"
          />
          <stop
            offset="1"
            stop-color="#02caf2"
          />
        </lineargradient>
        <path
          d="m1031.43 399.57-115.72 66.8-115.73 66.81-115.69-66.81-115.72-66.8 115.72-66.81 115.69-66.8z"
          fill="url(#a)"
        />
        <lineargradient
          gradientUnits="userSpaceOnUse"
          id="b"
          x1="1009.309"
          x2="505.486"
          y1="466.337"
          y2="948.797"
        >
          <stop
            offset="0"
            stop-color="#02caf2"
          />
          <stop
            offset=".355"
            stop-color="#468ffd"
          />
          <stop
            offset=".696"
            stop-color="#835aff"
          />
          <stop
            offset="1"
            stop-color="#ff63da"
          />
        </lineargradient>
        <path
          d="M1031.42 399.56v267.21l-115.71 66.84-347.14 200.43V666.77l115.71-66.78z"
          fill="url(#b)"
        />
      </svg>
      <div>
        <h1>
          Peque
        </h1>
        <div
          class="flex flex-col space-y-1"
        >
          <a
            class="text-lg text-secondary-300 transition duration-300 hover:text-white"
            href="/docs/framework"
          >
            Framework
          </a>
          <a
            class="text-lg text-secondary-300 transition duration-300 hover:text-white"
            href="/docs/graphql"
          >
            GraphQL
          </a>
          <a
            class="text-lg text-secondary-300 transition duration-300 hover:text-white"
            href="/docs/di"
          >
            IoC Container
          </a>
          <a
            class="text-lg text-secondary-300 transition duration-300 hover:text-white"
            href="/docs/smb"
          >
            Message Broker
          </a>
        </div>
      </div>
    </div>
  </section>
</DocumentFragment>
`;
