// Jest Snapshot v1, https://goo.gl/fbAQLP

exports[`ButtonLink should render 1`] = `
<DocumentFragment>
  <a
    class="inline-block text-sm font-semibold rounded py-3 px-8 transition bg-primary-500 shadow-lg shadow-[#E712B433] hover:shadow-[#E712B455] hover:bg-primary-400"
    href="/docs"
  >
    Check the docs
  </a>
</DocumentFragment>
`;
