// Jest Snapshot v1, https://goo.gl/fbAQLP

exports[`ButtonLink should render 1`] = `
<DocumentFragment>
  <a
    class="inline-block rounded py-3 px-8 text-sm font-semibold bg-primary-500 shadow-lg shadow-[#E712B433] transition hover:bg-primary-400 hover:shadow-[#E712B455]"
    href="/docs"
  >
    Check the docs
  </a>
</DocumentFragment>
`;
