// Jest Snapshot v1, https://goo.gl/fbAQLP

exports[`Nav should render 1`] = `
<DocumentFragment>
  <nav>
    <div
      class="flex justify-center laptop:hidden"
    >
      <button
        class="flex items-center space-x-2 px-8"
        type="button"
      >
        <span
          class="text-sm font-semibold"
        >
          Menu
        </span>
        <span
          class="transition ease-in-out -rotate-90"
        >
          <svg
            height="12"
            viewBox="0 0 64 64"
            width="12"
            xmlns="http://www.w3.org/2000/svg"
          >
            <path
              d="M10.15.5 4 6.65a.48.48 0 0 0 0 .7l6.15 6.15"
              fill="none"
              stroke="currentColor"
              stroke-linecap="round"
              stroke-linejoin="round"
              transform="rotate(.045) scale(4.57143)"
            />
          </svg>
        </span>
      </button>
    </div>
    <div
      class="laptop:block hidden"
    >
      <ul>
        <li>
          <div>
            <button
              class="flex items-center space-x-2 py-2 text-secondary-200 transition hover:text-white text-white font-semibold"
              type="button"
            >
              <span
                class="flex transition ease-in-out -rotate-90"
              >
                <svg
                  height="8"
                  viewBox="0 0 64 64"
                  width="8"
                  xmlns="http://www.w3.org/2000/svg"
                >
                  <path
                    d="M10.15.5 4 6.65a.48.48 0 0 0 0 .7l6.15 6.15"
                    fill="none"
                    stroke="currentColor"
                    stroke-linecap="round"
                    stroke-linejoin="round"
                    transform="rotate(.045) scale(4.57143)"
                  />
                </svg>
              </span>
              <span>
                First
              </span>
            </button>
            <ul
              class="pl-4"
            >
              <li>
                <a
                  class="flex py-2 text-secondary-200 transition hover:text-white font-semibold text-white"
                  href="/docs/first/sub-1"
                >
                  Sub 1
                </a>
              </li>
              <li>
                <a
                  class="flex py-2 text-secondary-200 transition hover:text-white"
                  href="/docs/first/sub-2"
                >
                  Sub 2
                </a>
              </li>
            </ul>
          </div>
        </li>
        <li>
          <a
            class="flex py-2 text-secondary-200 transition hover:text-white"
            href="/docs/2"
          >
            Second
          </a>
        </li>
        <li>
          <a
            class="flex py-2 text-secondary-200 transition hover:text-white"
            href="/docs/3"
          >
            Third
          </a>
        </li>
      </ul>
    </div>
  </nav>
</DocumentFragment>
`;
