// Jest Snapshot v1, https://goo.gl/fbAQLP

exports[`Nav should render 1`] = `
<DocumentFragment>
  <nav>
    <div
      class="flex justify-center laptop:hidden"
    >
      <button
        class="flex items-center space-x-2 px-8"
        type="button"
      >
        <span
          class="text-sm font-semibold"
        >
          Menu
        </span>
        <span
          class="transition ease-in-out -rotate-90"
        >
          <span
            style="box-sizing: border-box; display: inline-block; overflow: hidden; background: none; opacity: 1; border: 0px; margin: 0px; padding: 0px; position: relative; max-width: 100%;"
          >
            <span
              style="box-sizing: border-box; display: block; background: none; opacity: 1; border: 0px; margin: 0px; padding: 0px; max-width: 100%;"
            >
              <img
                alt=""
                aria-hidden="true"
                src="data:image/svg+xml,%3csvg%20xmlns=%27http://www.w3.org/2000/svg%27%20version=%271.1%27%20width=%2712%27%20height=%2712%27/%3e"
                style="display: block; max-width: 100%; background: none; opacity: 1; border: 0px; margin: 0px; padding: 0px;"
              />
            </span>
            <img
              alt="Menu"
              data-nimg="intrinsic"
              decoding="async"
              src="data:image/gif;base64,R0lGODlhAQABAIAAAAAAAP///yH5BAEAAAAALAAAAAABAAEAAAIBRAA7"
              style="position: absolute; top: 0px; left: 0px; bottom: 0px; right: 0px; box-sizing: border-box; padding: 0px; margin: auto; display: block; width: 0px; height: 0px; min-width: 100%; max-width: 100%; min-height: 100%; max-height: 100%;"
            />
            <noscript />
          </span>
        </span>
      </button>
    </div>
    <div
      class="laptop:block hidden"
    >
      <ul>
        <li>
          <div>
            <button
              class="py-2 flex items-center space-x-2 text-secondary-200 hover:text-white transition text-white font-semibold"
              type="button"
            >
              <span
                class="transition ease-in-out flex -rotate-90"
              >
                <span
                  style="box-sizing: border-box; display: inline-block; overflow: hidden; background: none; opacity: 1; border: 0px; margin: 0px; padding: 0px; position: relative; max-width: 100%;"
                >
                  <span
                    style="box-sizing: border-box; display: block; background: none; opacity: 1; border: 0px; margin: 0px; padding: 0px; max-width: 100%;"
                  >
                    <img
                      alt=""
                      aria-hidden="true"
                      src="data:image/svg+xml,%3csvg%20xmlns=%27http://www.w3.org/2000/svg%27%20version=%271.1%27%20width=%278%27%20height=%278%27/%3e"
                      style="display: block; max-width: 100%; background: none; opacity: 1; border: 0px; margin: 0px; padding: 0px;"
                    />
                  </span>
                  <img
                    alt="Menu"
                    data-nimg="intrinsic"
                    decoding="async"
                    src="data:image/gif;base64,R0lGODlhAQABAIAAAAAAAP///yH5BAEAAAAALAAAAAABAAEAAAIBRAA7"
                    style="position: absolute; top: 0px; left: 0px; bottom: 0px; right: 0px; box-sizing: border-box; padding: 0px; margin: auto; display: block; width: 0px; height: 0px; min-width: 100%; max-width: 100%; min-height: 100%; max-height: 100%;"
                  />
                  <noscript />
                </span>
              </span>
              <span>
                First
              </span>
            </button>
            <ul
              class="pl-4"
            >
              <li>
                <a
                  class="py-2 flex text-secondary-200 hover:text-white transition font-semibold text-white"
                  href="/docs/first/sub-1"
                >
                  Sub 1
                </a>
              </li>
              <li>
                <a
                  class="py-2 flex text-secondary-200 hover:text-white transition"
                  href="/docs/first/sub-2"
                >
                  Sub 2
                </a>
              </li>
            </ul>
          </div>
        </li>
        <li>
          <a
            class="py-2 flex text-secondary-200 hover:text-white transition"
            href="/docs/2"
          >
            Second
          </a>
        </li>
        <li>
          <a
            class="py-2 flex text-secondary-200 hover:text-white transition"
            href="/docs/3"
          >
            Third
          </a>
        </li>
      </ul>
    </div>
  </nav>
</DocumentFragment>
`;
