// Jest Snapshot v1, https://goo.gl/fbAQLP

exports[`EditOnGitHub should render 1`] = `
<DocumentFragment>
  <div
    class="pt-8 mt-8 border-t border-t-secondary-700 text-right"
  >
    <a
      class="link text-sm"
      href="https://github.com/pequehq/website/blob/main/docs/framework/architecture.md"
      rel="noreferrer"
      target="_blank"
    >
      Edit this page on GitHub
    </a>
  </div>
</DocumentFragment>
`;
