// Jest Snapshot v1, https://goo.gl/fbAQLP

exports[`Project should render with example to the left 1`] = `
<DocumentFragment>
  <section
    class="group relative my-8 py-8"
  >
    <div
      class="absolute inset-0 -z-10 bg-primary-800 skew-y-2"
    />
    <div
      class="container mx-auto px-4"
    >
      <div
        class="flex flex-col space-y-12 desktop:flex-row desktop:items-center desktop:justify-around desktop:space-y-0 desktop:group-odd:flex-row-reverse"
      >
        <div>
          <h1>
            Framework
          </h1>
          <h2
            class="mb-6 text-lg font-normal text-secondary-100"
          >
            Node.js framework for backend applications.
          </h2>
          <ul
            class="mb-8 space-y-1.5"
          >
            <li>
              <div
                class="flex items-center space-x-2 text-secondary-100"
              >
                <svg
                  height="20"
                  viewBox="0 0 64 64"
                  width="20"
                  xmlns="http://www.w3.org/2000/svg"
                >
                  <g
                    transform="rotate(.045) scale(4.57143)"
                  >
                    <path
                      d="m4 8 2.05 1.64a.48.48 0 0 0 .4.1.5.5 0 0 0 .34-.24L10 4"
                      fill="none"
                      stroke="currentColor"
                      stroke-linecap="round"
                      stroke-linejoin="round"
                    />
                    <circle
                      cx="7"
                      cy="7"
                      fill="none"
                      r="6.5"
                      stroke="currentColor"
                      stroke-linecap="round"
                      stroke-linejoin="round"
                    />
                  </g>
                </svg>
                <span>
                  Modular
                </span>
              </div>
            </li>
            <li>
              <div
                class="flex items-center space-x-2 text-secondary-100"
              >
                <svg
                  height="20"
                  viewBox="0 0 64 64"
                  width="20"
                  xmlns="http://www.w3.org/2000/svg"
                >
                  <g
                    transform="rotate(.045) scale(4.57143)"
                  >
                    <path
                      d="m4 8 2.05 1.64a.48.48 0 0 0 .4.1.5.5 0 0 0 .34-.24L10 4"
                      fill="none"
                      stroke="currentColor"
                      stroke-linecap="round"
                      stroke-linejoin="round"
                    />
                    <circle
                      cx="7"
                      cy="7"
                      fill="none"
                      r="6.5"
                      stroke="currentColor"
                      stroke-linecap="round"
                      stroke-linejoin="round"
                    />
                  </g>
                </svg>
                <span>
                  Setup REST endpoints in no time
                </span>
              </div>
            </li>
            <li>
              <div
                class="flex items-center space-x-2 text-secondary-100"
              >
                <svg
                  height="20"
                  viewBox="0 0 64 64"
                  width="20"
                  xmlns="http://www.w3.org/2000/svg"
                >
                  <g
                    transform="rotate(.045) scale(4.57143)"
                  >
                    <path
                      d="m4 8 2.05 1.64a.48.48 0 0 0 .4.1.5.5 0 0 0 .34-.24L10 4"
                      fill="none"
                      stroke="currentColor"
                      stroke-linecap="round"
                      stroke-linejoin="round"
                    />
                    <circle
                      cx="7"
                      cy="7"
                      fill="none"
                      r="6.5"
                      stroke="currentColor"
                      stroke-linecap="round"
                      stroke-linejoin="round"
                    />
                  </g>
                </svg>
                <span>
                  Microservices
                </span>
              </div>
            </li>
          </ul>
          <div
            class="mb-10"
          >
            <div
              class="flex w-full items-center justify-between space-x-4 rounded bg-black p-4 shadow-lg shadow-secondary-700"
            >
              <code>
                $ npx peque new project-name
              </code>
              <div
                class="flex w-12 items-center justify-end"
              >
                <button
                  class="flex items-center"
                  type="button"
                >
                  <span
                    class="sr-only"
                  >
                    Copy to clipboard
                  </span>
                  <svg
                    class="text-secondary-200 transition hover:text-white"
                    height="16"
                    viewBox="0 0 64 64"
                    width="16"
                    xmlns="http://www.w3.org/2000/svg"
                  >
                    <g
                      transform="rotate(.045) scale(4.57143)"
                    >
                      <rect
                        fill="none"
                        height="10.5"
                        rx="1"
                        stroke="currentColor"
                        stroke-linecap="round"
                        stroke-linejoin="round"
                        width="10.5"
                        x=".5"
                        y=".5"
                      />
                      <path
                        d="M13.5 3.5v9a1 1 0 0 1-1 1h-9"
                        fill="none"
                        stroke="currentColor"
                        stroke-linecap="round"
                        stroke-linejoin="round"
                      />
                    </g>
                  </svg>
                </button>
              </div>
            </div>
          </div>
          <div>
            <a
              class="inline-block rounded py-3 px-8 text-sm font-semibold bg-primary-500 shadow-lg shadow-[#E712B433] transition hover:bg-primary-400 hover:shadow-[#E712B455]"
              href="/docs/framework"
            >
              Check the docs
            </a>
          </div>
        </div>
        <pre
          class="custom-scrollbar"
        >
          <code
            class="rounded drop-shadow-xl hljs language-typescript"
            role="code"
          >
            <span
              class="hljs-keyword"
            >
              import
            </span>
             { 
            <span
              class="hljs-title class_"
            >
              Controller
            </span>
            , 
            <span
              class="hljs-title class_"
            >
              Get
            </span>
            , 
            <span
              class="hljs-title class_"
            >
              Module
            </span>
            , 
            <span
              class="hljs-title class_"
            >
              PequeFactory
            </span>
             } 
            <span
              class="hljs-keyword"
            >
              from
            </span>
             
            <span
              class="hljs-string"
            >
              '@pequehq/framework'
            </span>
            ;


            <span
              class="hljs-meta"
            >
              @Controller
            </span>
            (
            <span
              class="hljs-string"
            >
              '/test'
            </span>
            )

            <span
              class="hljs-keyword"
            >
              class
            </span>
             
            <span
              class="hljs-title class_"
            >
              MyController
            </span>
             {
  
            <span
              class="hljs-meta"
            >
              @Get
            </span>
            (
            <span
              class="hljs-string"
            >
              '/hello'
            </span>
            )
  
            <span
              class="hljs-title function_"
            >
              hello
            </span>
            (
            <span
              class="hljs-params"
            />
            ) {
    
            <span
              class="hljs-keyword"
            >
              return
            </span>
             { 
            <span
              class="hljs-attr"
            >
              test
            </span>
            : 
            <span
              class="hljs-string"
            >
              'hello world'
            </span>
             };
  }
}


            <span
              class="hljs-meta"
            >
              @Module
            </span>
            ({ 
            <span
              class="hljs-attr"
            >
              controllers
            </span>
            : [
            <span
              class="hljs-title class_"
            >
              MyController
            </span>
            ] })

            <span
              class="hljs-keyword"
            >
              class
            </span>
             
            <span
              class="hljs-title class_"
            >
              MyModule
            </span>
             {}


            <span
              class="hljs-keyword"
            >
              const
            </span>
             webserver = 
            <span
              class="hljs-title class_"
            >
              PequeFactory
            </span>
            .
            <span
              class="hljs-title function_"
            >
              createServer
            </span>
            ({
  
            <span
              class="hljs-attr"
            >
              cors
            </span>
            : 
            <span
              class="hljs-literal"
            >
              true
            </span>
            ,
  
            <span
              class="hljs-attr"
            >
              isCpuClustered
            </span>
            : 
            <span
              class="hljs-literal"
            >
              false
            </span>
            ,
  
            <span
              class="hljs-attr"
            >
              rootModule
            </span>
            : 
            <span
              class="hljs-title class_"
            >
              MyModule
            </span>
            ,
});

webserver.
            <span
              class="hljs-title function_"
            >
              start
            </span>
            ();
          </code>
        </pre>
      </div>
    </div>
  </section>
</DocumentFragment>
`;

exports[`Project should render with example to the right 1`] = `
<DocumentFragment>
  <section
    class="group relative my-8 py-8"
  >
    <div
      class="absolute inset-0 -z-10 bg-primary-800 skew-y-2"
    />
    <div
      class="container mx-auto px-4"
    >
      <div
        class="flex flex-col space-y-12 desktop:flex-row desktop:items-center desktop:justify-around desktop:space-y-0 desktop:group-odd:flex-row-reverse"
      >
        <div>
          <h1>
            Framework
          </h1>
          <h2
            class="mb-6 text-lg font-normal text-secondary-100"
          >
            Node.js framework for backend applications.
          </h2>
          <ul
            class="mb-8 space-y-1.5"
          >
            <li>
              <div
                class="flex items-center space-x-2 text-secondary-100"
              >
                <svg
                  height="20"
                  viewBox="0 0 64 64"
                  width="20"
                  xmlns="http://www.w3.org/2000/svg"
                >
                  <g
                    transform="rotate(.045) scale(4.57143)"
                  >
                    <path
                      d="m4 8 2.05 1.64a.48.48 0 0 0 .4.1.5.5 0 0 0 .34-.24L10 4"
                      fill="none"
                      stroke="currentColor"
                      stroke-linecap="round"
                      stroke-linejoin="round"
                    />
                    <circle
                      cx="7"
                      cy="7"
                      fill="none"
                      r="6.5"
                      stroke="currentColor"
                      stroke-linecap="round"
                      stroke-linejoin="round"
                    />
                  </g>
                </svg>
                <span>
                  Modular
                </span>
              </div>
            </li>
            <li>
              <div
                class="flex items-center space-x-2 text-secondary-100"
              >
                <svg
                  height="20"
                  viewBox="0 0 64 64"
                  width="20"
                  xmlns="http://www.w3.org/2000/svg"
                >
                  <g
                    transform="rotate(.045) scale(4.57143)"
                  >
                    <path
                      d="m4 8 2.05 1.64a.48.48 0 0 0 .4.1.5.5 0 0 0 .34-.24L10 4"
                      fill="none"
                      stroke="currentColor"
                      stroke-linecap="round"
                      stroke-linejoin="round"
                    />
                    <circle
                      cx="7"
                      cy="7"
                      fill="none"
                      r="6.5"
                      stroke="currentColor"
                      stroke-linecap="round"
                      stroke-linejoin="round"
                    />
                  </g>
                </svg>
                <span>
                  Setup REST endpoints in no time
                </span>
              </div>
            </li>
            <li>
              <div
                class="flex items-center space-x-2 text-secondary-100"
              >
                <svg
                  height="20"
                  viewBox="0 0 64 64"
                  width="20"
                  xmlns="http://www.w3.org/2000/svg"
                >
                  <g
                    transform="rotate(.045) scale(4.57143)"
                  >
                    <path
                      d="m4 8 2.05 1.64a.48.48 0 0 0 .4.1.5.5 0 0 0 .34-.24L10 4"
                      fill="none"
                      stroke="currentColor"
                      stroke-linecap="round"
                      stroke-linejoin="round"
                    />
                    <circle
                      cx="7"
                      cy="7"
                      fill="none"
                      r="6.5"
                      stroke="currentColor"
                      stroke-linecap="round"
                      stroke-linejoin="round"
                    />
                  </g>
                </svg>
                <span>
                  Microservices
                </span>
              </div>
            </li>
          </ul>
          <div
            class="mb-10"
          >
            <div
              class="flex w-full items-center justify-between space-x-4 rounded bg-black p-4 shadow-lg shadow-secondary-700"
            >
              <code>
                $ npx peque new project-name
              </code>
              <div
                class="flex w-12 items-center justify-end"
              >
                <button
                  class="flex items-center"
                  type="button"
                >
                  <span
                    class="sr-only"
                  >
                    Copy to clipboard
                  </span>
                  <svg
                    class="text-secondary-200 transition hover:text-white"
                    height="16"
                    viewBox="0 0 64 64"
                    width="16"
                    xmlns="http://www.w3.org/2000/svg"
                  >
                    <g
                      transform="rotate(.045) scale(4.57143)"
                    >
                      <rect
                        fill="none"
                        height="10.5"
                        rx="1"
                        stroke="currentColor"
                        stroke-linecap="round"
                        stroke-linejoin="round"
                        width="10.5"
                        x=".5"
                        y=".5"
                      />
                      <path
                        d="M13.5 3.5v9a1 1 0 0 1-1 1h-9"
                        fill="none"
                        stroke="currentColor"
                        stroke-linecap="round"
                        stroke-linejoin="round"
                      />
                    </g>
                  </svg>
                </button>
              </div>
            </div>
          </div>
          <div>
            <a
              class="inline-block rounded py-3 px-8 text-sm font-semibold bg-primary-500 shadow-lg shadow-[#E712B433] transition hover:bg-primary-400 hover:shadow-[#E712B455]"
              href="/docs/framework"
            >
              Check the docs
            </a>
          </div>
        </div>
        <pre
          class="custom-scrollbar"
        >
          <code
            class="rounded drop-shadow-xl hljs language-typescript"
            role="code"
          >
            <span
              class="hljs-keyword"
            >
              import
            </span>
             { 
            <span
              class="hljs-title class_"
            >
              Controller
            </span>
            , 
            <span
              class="hljs-title class_"
            >
              Get
            </span>
            , 
            <span
              class="hljs-title class_"
            >
              Module
            </span>
            , 
            <span
              class="hljs-title class_"
            >
              PequeFactory
            </span>
             } 
            <span
              class="hljs-keyword"
            >
              from
            </span>
             
            <span
              class="hljs-string"
            >
              '@pequehq/framework'
            </span>
            ;


            <span
              class="hljs-meta"
            >
              @Controller
            </span>
            (
            <span
              class="hljs-string"
            >
              '/test'
            </span>
            )

            <span
              class="hljs-keyword"
            >
              class
            </span>
             
            <span
              class="hljs-title class_"
            >
              MyController
            </span>
             {
  
            <span
              class="hljs-meta"
            >
              @Get
            </span>
            (
            <span
              class="hljs-string"
            >
              '/hello'
            </span>
            )
  
            <span
              class="hljs-title function_"
            >
              hello
            </span>
            (
            <span
              class="hljs-params"
            />
            ) {
    
            <span
              class="hljs-keyword"
            >
              return
            </span>
             { 
            <span
              class="hljs-attr"
            >
              test
            </span>
            : 
            <span
              class="hljs-string"
            >
              'hello world'
            </span>
             };
  }
}


            <span
              class="hljs-meta"
            >
              @Module
            </span>
            ({ 
            <span
              class="hljs-attr"
            >
              controllers
            </span>
            : [
            <span
              class="hljs-title class_"
            >
              MyController
            </span>
            ] })

            <span
              class="hljs-keyword"
            >
              class
            </span>
             
            <span
              class="hljs-title class_"
            >
              MyModule
            </span>
             {}


            <span
              class="hljs-keyword"
            >
              const
            </span>
             webserver = 
            <span
              class="hljs-title class_"
            >
              PequeFactory
            </span>
            .
            <span
              class="hljs-title function_"
            >
              createServer
            </span>
            ({
  
            <span
              class="hljs-attr"
            >
              cors
            </span>
            : 
            <span
              class="hljs-literal"
            >
              true
            </span>
            ,
  
            <span
              class="hljs-attr"
            >
              isCpuClustered
            </span>
            : 
            <span
              class="hljs-literal"
            >
              false
            </span>
            ,
  
            <span
              class="hljs-attr"
            >
              rootModule
            </span>
            : 
            <span
              class="hljs-title class_"
            >
              MyModule
            </span>
            ,
});

webserver.
            <span
              class="hljs-title function_"
            >
              start
            </span>
            ();
          </code>
        </pre>
      </div>
    </div>
  </section>
</DocumentFragment>
`;
