// Jest Snapshot v1, https://goo.gl/fbAQLP

exports[`SideNav should render 1`] = `
<DocumentFragment>
  <nav>
    <ul>
      <li>
        <a
          class="py-2 flex text-secondary-200 hover:text-white transition font-semibold text-white"
          href="/docs/1"
        >
          First
        </a>
      </li>
      <li>
        <a
          class="py-2 flex text-secondary-200 hover:text-white transition"
          href="/docs/2"
        >
          Second
        </a>
      </li>
      <li>
        <a
          class="py-2 flex text-secondary-200 hover:text-white transition"
          href="/docs/3"
        >
          Third
        </a>
      </li>
    </ul>
  </nav>
</DocumentFragment>
`;
